Archive member included to satisfy reference by file (symbol)

D:/STM32CubeIDE_1.15.0/STM32CubeIDE/plugins/com.st.stm32cube.ide.mcu.externaltools.gnu-tools-for-stm32.13.3.rel1.win32_1.0.0.202411081344/tools/bin/../lib/gcc/arm-none-eabi/13.3.1/../../../../arm-none-eabi/lib/thumb/v7e-m+fp/hard\libc_nano.a(libc_a-exit.o)
                              D:/STM32CubeIDE_1.15.0/STM32CubeIDE/plugins/com.st.stm32cube.ide.mcu.externaltools.gnu-tools-for-stm32.13.3.rel1.win32_1.0.0.202411081344/tools/bin/../lib/gcc/arm-none-eabi/13.3.1/../../../../arm-none-eabi/lib/thumb/v7e-m+fp/hard/crt0.o (exit)
D:/STM32CubeIDE_1.15.0/STM32CubeIDE/plugins/com.st.stm32cube.ide.mcu.externaltools.gnu-tools-for-stm32.13.3.rel1.win32_1.0.0.202411081344/tools/bin/../lib/gcc/arm-none-eabi/13.3.1/../../../../arm-none-eabi/lib/thumb/v7e-m+fp/hard\libc_nano.a(libc_a-findfp.o)
                              D:/STM32CubeIDE_1.15.0/STM32CubeIDE/plugins/com.st.stm32cube.ide.mcu.externaltools.gnu-tools-for-stm32.13.3.rel1.win32_1.0.0.202411081344/tools/bin/../lib/gcc/arm-none-eabi/13.3.1/../../../../arm-none-eabi/lib/thumb/v7e-m+fp/hard\libc_nano.a(libc_a-exit.o) (__stdio_exit_handler)
D:/STM32CubeIDE_1.15.0/STM32CubeIDE/plugins/com.st.stm32cube.ide.mcu.externaltools.gnu-tools-for-stm32.13.3.rel1.win32_1.0.0.202411081344/tools/bin/../lib/gcc/arm-none-eabi/13.3.1/../../../../arm-none-eabi/lib/thumb/v7e-m+fp/hard\libc_nano.a(libc_a-fwalk.o)
                              D:/STM32CubeIDE_1.15.0/STM32CubeIDE/plugins/com.st.stm32cube.ide.mcu.externaltools.gnu-tools-for-stm32.13.3.rel1.win32_1.0.0.202411081344/tools/bin/../lib/gcc/arm-none-eabi/13.3.1/../../../../arm-none-eabi/lib/thumb/v7e-m+fp/hard\libc_nano.a(libc_a-findfp.o) (_fwalk_sglue)
D:/STM32CubeIDE_1.15.0/STM32CubeIDE/plugins/com.st.stm32cube.ide.mcu.externaltools.gnu-tools-for-stm32.13.3.rel1.win32_1.0.0.202411081344/tools/bin/../lib/gcc/arm-none-eabi/13.3.1/../../../../arm-none-eabi/lib/thumb/v7e-m+fp/hard\libc_nano.a(libc_a-stdio.o)
                              D:/STM32CubeIDE_1.15.0/STM32CubeIDE/plugins/com.st.stm32cube.ide.mcu.externaltools.gnu-tools-for-stm32.13.3.rel1.win32_1.0.0.202411081344/tools/bin/../lib/gcc/arm-none-eabi/13.3.1/../../../../arm-none-eabi/lib/thumb/v7e-m+fp/hard\libc_nano.a(libc_a-findfp.o) (__sread)
D:/STM32CubeIDE_1.15.0/STM32CubeIDE/plugins/com.st.stm32cube.ide.mcu.externaltools.gnu-tools-for-stm32.13.3.rel1.win32_1.0.0.202411081344/tools/bin/../lib/gcc/arm-none-eabi/13.3.1/../../../../arm-none-eabi/lib/thumb/v7e-m+fp/hard\libc_nano.a(libc_a-memset.o)
                              D:/STM32CubeIDE_1.15.0/STM32CubeIDE/plugins/com.st.stm32cube.ide.mcu.externaltools.gnu-tools-for-stm32.13.3.rel1.win32_1.0.0.202411081344/tools/bin/../lib/gcc/arm-none-eabi/13.3.1/../../../../arm-none-eabi/lib/thumb/v7e-m+fp/hard/crt0.o (memset)
D:/STM32CubeIDE_1.15.0/STM32CubeIDE/plugins/com.st.stm32cube.ide.mcu.externaltools.gnu-tools-for-stm32.13.3.rel1.win32_1.0.0.202411081344/tools/bin/../lib/gcc/arm-none-eabi/13.3.1/../../../../arm-none-eabi/lib/thumb/v7e-m+fp/hard\libc_nano.a(libc_a-closer.o)
                              D:/STM32CubeIDE_1.15.0/STM32CubeIDE/plugins/com.st.stm32cube.ide.mcu.externaltools.gnu-tools-for-stm32.13.3.rel1.win32_1.0.0.202411081344/tools/bin/../lib/gcc/arm-none-eabi/13.3.1/../../../../arm-none-eabi/lib/thumb/v7e-m+fp/hard\libc_nano.a(libc_a-stdio.o) (_close_r)
D:/STM32CubeIDE_1.15.0/STM32CubeIDE/plugins/com.st.stm32cube.ide.mcu.externaltools.gnu-tools-for-stm32.13.3.rel1.win32_1.0.0.202411081344/tools/bin/../lib/gcc/arm-none-eabi/13.3.1/../../../../arm-none-eabi/lib/thumb/v7e-m+fp/hard\libc_nano.a(libc_a-reent.o)
                              D:/STM32CubeIDE_1.15.0/STM32CubeIDE/plugins/com.st.stm32cube.ide.mcu.externaltools.gnu-tools-for-stm32.13.3.rel1.win32_1.0.0.202411081344/tools/bin/../lib/gcc/arm-none-eabi/13.3.1/../../../../arm-none-eabi/lib/thumb/v7e-m+fp/hard\libc_nano.a(libc_a-closer.o) (errno)
D:/STM32CubeIDE_1.15.0/STM32CubeIDE/plugins/com.st.stm32cube.ide.mcu.externaltools.gnu-tools-for-stm32.13.3.rel1.win32_1.0.0.202411081344/tools/bin/../lib/gcc/arm-none-eabi/13.3.1/../../../../arm-none-eabi/lib/thumb/v7e-m+fp/hard\libc_nano.a(libc_a-impure.o)
                              D:/STM32CubeIDE_1.15.0/STM32CubeIDE/plugins/com.st.stm32cube.ide.mcu.externaltools.gnu-tools-for-stm32.13.3.rel1.win32_1.0.0.202411081344/tools/bin/../lib/gcc/arm-none-eabi/13.3.1/../../../../arm-none-eabi/lib/thumb/v7e-m+fp/hard\libc_nano.a(libc_a-reent.o) (_impure_ptr)
D:/STM32CubeIDE_1.15.0/STM32CubeIDE/plugins/com.st.stm32cube.ide.mcu.externaltools.gnu-tools-for-stm32.13.3.rel1.win32_1.0.0.202411081344/tools/bin/../lib/gcc/arm-none-eabi/13.3.1/../../../../arm-none-eabi/lib/thumb/v7e-m+fp/hard\libc_nano.a(libc_a-lseekr.o)
[...]
Memory Configuration

Name             Origin             Length             Attributes
RAM              0x20000000         0x00018000         xrw
FLASH            0x08000000         0x00060000         xr
*default*        0x00000000         0xffffffff

Linker script and memory map

LOAD D:/STM32CubeIDE_1.15.0/STM32CubeIDE/plugins/com.st.stm32cube.ide.mcu.externaltools.gnu-tools-for-stm32.13.3.rel1.win32_1.0.0.202411081344/tools/bin/../lib/gcc/arm-none-eabi/13.3.1/thumb/v7e-m+fp/hard/crti.o
LOAD D:/STM32CubeIDE_1.15.0/STM32CubeIDE/plugins/com.st.stm32cube.ide.mcu.externaltools.gnu-tools-for-stm32.13.3.rel1.win32_1.0.0.202411081344/tools/bin/../lib/gcc/arm-none-eabi/13.3.1/thumb/v7e-m+fp/hard/crtbegin.o
LOAD D:/STM32CubeIDE_1.15.0/STM32CubeIDE/plugins/com.st.stm32cube.ide.mcu.externaltools.gnu-tools-for-stm32.13.3.rel1.win32_1.0.0.202411081344/tools/bin/../lib/gcc/arm-none-eabi/13.3.1/../../../../arm-none-eabi/lib/thumb/v7e-m+fp/hard/crt0.o
LOAD ./Src/can.o
LOAD ./Src/main.o
LOAD ./Src/spi.o
LOAD ./Src/syscalls.o
LOAD ./Src/sysmem.o
LOAD ./Src/uart.o
LOAD ./Startup/startup_stm32f401cdux.o
START GROUP
LOAD D:/STM32CubeIDE_1.15.0/STM32CubeIDE/plugins/com.st.stm32cube.ide.mcu.externaltools.gnu-tools-for-stm32.13.3.rel1.win32_1.0.0.202411081344/tools/bin/../lib/gcc/arm-none-eabi/13.3.1/../../../../arm-none-eabi/lib/thumb/v7e-m+fp/hard\libc_nano.a
LOAD D:/STM32CubeIDE_1.15.0/STM32CubeIDE/plugins/com.st.stm32cube.ide.mcu.externaltools.gnu-tools-for-stm32.13.3.rel1.win32_1.0.0.202411081344/tools/bin/../lib/gcc/arm-none-eabi/13.3.1/../../../../arm-none-eabi/lib/thumb/v7e-m+fp/hard\libm.a
END GROUP
START GROUP
LOAD D:/STM32CubeIDE_1.15.0/STM32CubeIDE/plugins/com.st.stm32cube.ide.mcu.externaltools.gnu-tools-for-stm32.13.3.rel1.win32_1.0.0.202411081344/tools/bin/../lib/gcc/arm-none-eabi/13.3.1/thumb/v7e-m+fp/hard\libgcc.a
LOAD D:/STM32CubeIDE_1.15.0/STM32CubeIDE/plugins/com.st.stm32cube.ide.mcu.externaltools.gnu-tools-for-stm32.13.3.rel1.win32_1.0.0.202411081344/tools/bin/../lib/gcc/arm-none-eabi/13.3.1/../../../../arm-none-eabi/lib/thumb/v7e-m+fp/hard\libc_nano.a
END GROUP
START GROUP
LOAD D:/STM32CubeIDE_1.15.0/STM32CubeIDE/plugins/com.st.stm32cube.ide.mcu.externaltools.gnu-tools-for-stm32.13.3.rel1.win32_1.0.0.202411081344/tools/bin/../lib/gcc/arm-none-eabi/13.3.1/thumb/v7e-m+fp/hard\libgcc.a
LOAD D:/STM32CubeIDE_1.15.0/STM32CubeIDE/plugins/com.st.stm32cube.ide.mcu.externaltools.gnu-tools-for-stm32.13.3.rel1.win32_1.0.0.202411081344/tools/bin/../lib/gcc/arm-none-eabi/13.3.1/../../../../arm-none-eabi/lib/thumb/v7e-m+fp/hard\libc_nano.a
LOAD D:/STM32CubeIDE_1.15.0/STM32CubeIDE/plugins/com.st.stm32cube.ide.mcu.externaltools.gnu-tools-for-stm32.13.3.rel1.win32_1.0.0.202411081344/tools/bin/../lib/gcc/arm-none-eabi/13.3.1/../../../../arm-none-eabi/lib/thumb/v7e-m+fp/hard\libnosys.a
END GROUP
START GROUP
LOAD D:/STM32CubeIDE_1.15.0/STM32CubeIDE/plugins/com.st.stm32cube.ide.mcu.externaltools.gnu-tools-for-stm32.13.3.rel1.win32_1.0.0.202411081344/tools/bin/../lib/gcc/arm-none-eabi/13.3.1/thumb/v7e-m+fp/hard\libgcc.a
LOAD D:/STM32CubeIDE_1.15.0/STM32CubeIDE/plugins/com.st.stm32cube.ide.mcu.externaltools.gnu-tools-for-stm32.13.3.rel1.win32_1.0.0.202411081344/tools/bin/../lib/gcc/arm-none-eabi/13.3.1/../../../../arm-none-eabi/lib/thumb/v7e-m+fp/hard\libc_nano.a
LOAD D:/STM32CubeIDE_1.15.0/STM32CubeIDE/plugins/com.st.stm32cube.ide.mcu.externaltools.gnu-tools-for-stm32.13.3.rel1.win32_1.0.0.202411081344/tools/bin/../lib/gcc/arm-none-eabi/13.3.1/../../../../arm-none-eabi/lib/thumb/v7e-m+fp/hard\libnosys.a
END GROUP
LOAD D:/STM32CubeIDE_1.15.0/STM32CubeIDE/plugins/com.st.stm32cube.ide.mcu.externaltools.gnu-tools-for-stm32.13.3.rel1.win32_1.0.0.202411081344/tools/bin/../lib/gcc/arm-none-eabi/13.3.1/thumb/v7e-m+fp/hard/crtend.o
LOAD D:/STM32CubeIDE_1.15.0/STM32CubeIDE/plugins/com.st.stm32cube.ide.mcu.externaltools.gnu-tools-for-stm32.13.3.rel1.win32_1.0.0.202411081344/tools/bin/../lib/gcc/arm-none-eabi/13.3.1/thumb/v7e-m+fp/hard/crtn.o
                0x20018000                        _estack = (ORIGIN (RAM) + LENGTH (RAM))
                0x00000200                        _Min_Heap_Size = 0x200
                0x00000400                        _Min_Stack_Size = 0x400

.isr_vector     0x08000000      0x194
                0x08000000                        . = ALIGN (0x4)
 *(.isr_vector)
 .isr_vector    0x08000000      0x194 ./Startup/startup_stm32f401cdux.o
                0x08000000                g_pfnVectors
                0x08000194                        . = ALIGN (0x4)

.text           0x08000194      0x828
                0x08000194                        . = ALIGN (0x4)
 *(.text)
 .text          0x08000194       0x40 D:/STM32CubeIDE_1.15.0/STM32CubeIDE/plugins/com.st.stm32cube.ide.mcu.externaltools.gnu-tools-for-stm32.13.3.rel1.win32_1.0.0.202411081344/tools/bin/../lib/gcc/arm-none-eabi/13.3.1/thumb/v7e-m+fp/hard/crtbegin.o
 *(.text*)
 .text.delay_ms
                0x080001d4       0x40 ./Src/can.o
                0x080001d4                delay_ms
 .text.cs_low   0x08000214       0x1c ./Src/can.o
                0x08000214                cs_low
 .text.cs_high  0x08000230       0x18 ./Src/can.o
                0x08000230                cs_high
 .text.mcp2515_write_register
                0x08000248       0x36 ./Src/can.o
                0x08000248                mcp2515_write_register
 .text.mcp2515_read_register
                0x0800027e       0x34 ./Src/can.o
                0x0800027e                mcp2515_read_register
 .text.mcp2515_reset
                0x080002b2       0x1c ./Src/can.o
 *fill*         0x080002ce        0x2 
 .text.can_init
                0x080002d0       0x80 ./Src/can.o
                0x080002d0                can_init
 .text.can_send_bytes
                0x08000350       0xa2 ./Src/can.o
                0x08000350                can_send_bytes
 *fill*         0x080003f2        0x2 
 .text.main     0x080003f4       0x20 ./Src/main.o
                0x080003f4                main
 .text.spi1_init
                0x08000414       0xb0 ./Src/spi.o
                0x08000414                spi1_init
 .text.spi1_transfer
                0x080004c4       0x58 ./Src/spi.o
                0x080004c4                spi1_transfer
 .text.fifo_available
                0x0800051c       0x38 ./Src/uart.o
 .text.fifo_free_space
                0x08000554       0x14 ./Src/uart.o
 .text.fifo_push
                0x08000568       0x48 ./Src/uart.o
 .text.fifo_push_frame
                0x080005b0       0x32 ./Src/uart.o
 *fill*         0x080005e2        0x2 
 .text.fifo_pop
                0x080005e4       0x48 ./Src/uart.o
 .text.uart_init
                0x0800062c       0x90 ./Src/uart.o
                0x0800062c                uart_init
 .text.uart_send_async
                0x080006bc       0x6c ./Src/uart.o
                0x080006bc                uart_send_async
 .text.uart_send_async_string
                0x08000728       0x2a ./Src/uart.o
                0x08000728                uart_send_async_string
 *fill*         0x08000752        0x2 
 .text.uart_try_send_from_fifo
                0x08000754       0x78 ./Src/uart.o
                0x08000754                uart_try_send_from_fifo
 .text.USART1_IRQHandler
                0x080007cc      0x13c ./Src/uart.o
                0x080007cc                USART1_IRQHandler
 .text.Reset_Handler
                0x08000908       0x50 ./Startup/startup_stm32f401cdux.o
                0x08000908                Reset_Handler
 .text.Default_Handler
                0x08000958        0x2 ./Startup/startup_stm32f401cdux.o
                0x08000958                EXTI2_IRQHandler
                0x08000958                DebugMon_Handler
                0x08000958                SPI4_IRQHandler
                0x08000958                TIM1_CC_IRQHandler
                0x08000958                DMA2_Stream5_IRQHandler
                0x08000958                HardFault_Handler
                0x08000958                DMA1_Stream5_IRQHandler
                0x08000958                SysTick_Handler
                0x08000958                SDIO_IRQHandler
                0x08000958                TAMP_STAMP_IRQHandler
                0x08000958                PendSV_Handler
                0x08000958                NMI_Handler
                0x08000958                EXTI3_IRQHandler
                0x08000958                TIM1_UP_TIM10_IRQHandler
                0x08000958                I2C3_ER_IRQHandler
                0x08000958                EXTI18_OTG_FS_WKUP_IRQHandler
                0x08000958                EXTI0_IRQHandler
                0x08000958                I2C2_EV_IRQHandler
                0x08000958                DMA1_Stream2_IRQHandler
                0x08000958                UsageFault_Handler
                0x08000958                DMA2_Stream2_IRQHandler
                0x08000958                SPI1_IRQHandler
                0x08000958                TIM1_BRK_TIM9_IRQHandler
                0x08000958                DMA2_Stream3_IRQHandler
                0x08000958                USART6_IRQHandler
                0x08000958                DMA2_Stream0_IRQHandler
                0x08000958                TIM4_IRQHandler
                0x08000958                I2C1_EV_IRQHandler
                0x08000958                DMA1_Stream6_IRQHandler
                0x08000958                DMA1_Stream1_IRQHandler
                0x08000958                TIM3_IRQHandler
                0x08000958                RCC_IRQHandler
                0x08000958                Default_Handler
                0x08000958                EXTI15_10_IRQHandler
                0x08000958                ADC_IRQHandler
                0x08000958                DMA1_Stream7_IRQHandler
                0x08000958                TIM5_IRQHandler
                0x08000958                DMA2_Stream7_IRQHandler
                0x08000958                I2C3_EV_IRQHandler
                0x08000958                EXTI9_5_IRQHandler
                0x08000958                SPI2_IRQHandler
                0x08000958                MemManage_Handler
                0x08000958                DMA1_Stream0_IRQHandler
                0x08000958                SVC_Handler
                0x08000958                EXTI4_IRQHandler
                0x08000958                EXTI22_RTC_WKUP_IRQHandler
                0x08000958                TIM2_IRQHandler
                0x08000958                EXTI16_PVD_IRQHandler
                0x08000958                TIM1_TRG_COM_TIM11_IRQHandler
                0x08000958                EXTI1_IRQHandler
                0x08000958                EXTI17_RTC_Alarm_IRQHandler
                0x08000958                USART2_IRQHandler
                0x08000958                I2C2_ER_IRQHandler
                0x08000958                DMA2_Stream1_IRQHandler
                0x08000958                FLASH_IRQHandler
                0x08000958                DMA2_Stream4_IRQHandler
                0x08000958                BusFault_Handler
                0x08000958                OTG_FS_IRQHandler
                0x08000958                SPI3_IRQHandler
                0x08000958                DMA1_Stream4_IRQHandler
                0x08000958                I2C1_ER_IRQHandler
                0x08000958                DMA2_Stream6_IRQHandler
                0x08000958                DMA1_Stream3_IRQHandler
 *fill*         0x0800095a        0x2 
 .text.__libc_init_array
                0x0800095c       0x48 D:/STM32CubeIDE_1.15.0/STM32CubeIDE/plugins/com.st.stm32cube.ide.mcu.externaltools.gnu-tools-for-stm32.13.3.rel1.win32_1.0.0.202411081344/tools/bin/../lib/gcc/arm-none-eabi/13.3.1/../../../../arm-none-eabi/lib/thumb/v7e-m+fp/hard\libc_nano.a(libc_a-init.o)
                0x0800095c                __libc_init_array
 *(.glue_7)
 .glue_7        0x080009a4        0x0 linker stubs
 *(.glue_7t)
 .glue_7t       0x080009a4        0x0 linker stubs
 *(.eh_frame)
 .eh_frame      0x080009a4        0x0 D:/STM32CubeIDE_1.15.0/STM32CubeIDE/plugins/com.st.stm32cube.ide.mcu.externaltools.gnu-tools-for-stm32.13.3.rel1.win32_1.0.0.202411081344/tools/bin/../lib/gcc/arm-none-eabi/13.3.1/thumb/v7e-m+fp/hard/crtbegin.o
 *(.init)
 .init          0x080009a4        0x4 D:/STM32CubeIDE_1.15.0/STM32CubeIDE/plugins/com.st.stm32cube.ide.mcu.externaltools.gnu-tools-for-stm32.13.3.rel1.win32_1.0.0.202411081344/tools/bin/../lib/gcc/arm-none-eabi/13.3.1/thumb/v7e-m+fp/hard/crti.o
                0x080009a4                _init
 .init          0x080009a8        0x8 D:/STM32CubeIDE_1.15.0/STM32CubeIDE/plugins/com.st.stm32cube.ide.mcu.externaltools.gnu-tools-for-stm32.13.3.rel1.win32_1.0.0.202411081344/tools/bin/../lib/gcc/arm-none-eabi/13.3.1/thumb/v7e-m+fp/hard/crtn.o
 *(.fini)
 .fini          0x080009b0        0x4 D:/STM32CubeIDE_1.15.0/STM32CubeIDE/plugins/com.st.stm32cube.ide.mcu.externaltools.gnu-tools-for-stm32.13.3.rel1.win32_1.0.0.202411081344/tools/bin/../lib/gcc/arm-none-eabi/13.3.1/thumb/v7e-m+fp/hard/crti.o
                0x080009b0                _fini
 .fini          0x080009b4        0x8 D:/STM32CubeIDE_1.15.0/STM32CubeIDE/plugins/com.st.stm32cube.ide.mcu.externaltools.gnu-tools-for-stm32.13.3.rel1.win32_1.0.0.202411081344/tools/bin/../lib/gcc/arm-none-eabi/13.3.1/thumb/v7e-m+fp/hard/crtn.o
                0x080009bc                        . = ALIGN (0x4)
                0x080009bc                        _etext = .

.vfp11_veneer   0x080009bc        0x0
 .vfp11_veneer  0x080009bc        0x0 linker stubs

.v4_bx          0x080009bc        0x0
 .v4_bx         0x080009bc        0x0 linker stubs

.iplt           0x080009bc        0x0
 .iplt          0x080009bc        0x0 D:/STM32CubeIDE_1.15.0/STM32CubeIDE/plugins/com.st.stm32cube.ide.mcu.externaltools.gnu-tools-for-stm32.13.3.rel1.win32_1.0.0.202411081344/tools/bin/../lib/gcc/arm-none-eabi/13.3.1/thumb/v7e-m+fp/hard/crtbegin.o

.rodata         0x080009bc       0x30
                0x080009bc                        . = ALIGN (0x4)
 *(.rodata)
 .rodata        0x080009bc       0x15 ./Src/main.o
 *fill*         0x080009d1        0x3 
 .rodata        0x080009d4       0x18 ./Src/uart.o
 *(.rodata*)
                0x080009ec                        . = ALIGN (0x4)

.ARM.extab      0x080009ec        0x0
                0x080009ec                        . = ALIGN (0x4)
 *(.ARM.extab* .gnu.linkonce.armextab.*)
                0x080009ec                        . = ALIGN (0x4)

.ARM            0x080009ec        0x0
                0x080009ec                        . = ALIGN (0x4)
                0x080009ec                        __exidx_start = .
 *(.ARM.exidx*)
                0x080009ec                        __exidx_end = .
                0x080009ec                        . = ALIGN (0x4)

.preinit_array  0x080009ec        0x0
                0x080009ec                        . = ALIGN (0x4)
                0x080009ec                        PROVIDE (__preinit_array_start = .)
 *(.preinit_array*)
                0x080009ec                        PROVIDE (__preinit_array_end = .)
                0x080009ec                        . = ALIGN (0x4)

.init_array     0x080009ec        0x4
                0x080009ec                        . = ALIGN (0x4)
                0x080009ec                        PROVIDE (__init_array_start = .)
 *(SORT_BY_NAME(.init_array.*))
 *(.init_array*)
 .init_array    0x080009ec        0x4 D:/STM32CubeIDE_1.15.0/STM32CubeIDE/plugins/com.st.stm32cube.ide.mcu.externaltools.gnu-tools-for-stm32.13.3.rel1.win32_1.0.0.202411081344/tools/bin/../lib/gcc/arm-none-eabi/13.3.1/thumb/v7e-m+fp/hard/crtbegin.o
                0x080009f0                        PROVIDE (__init_array_end = .)
                0x080009f0                        . = ALIGN (0x4)

.fini_array     0x080009f0        0x4
                0x080009f0                        . = ALIGN (0x4)
                [!provide]                        PROVIDE (__fini_array_start = .)
 *(SORT_BY_NAME(.fini_array.*))
 *(.fini_array*)
 .fini_array    0x080009f0        0x4 D:/STM32CubeIDE_1.15.0/STM32CubeIDE/plugins/com.st.stm32cube.ide.mcu.externaltools.gnu-tools-for-stm32.13.3.rel1.win32_1.0.0.202411081344/tools/bin/../lib/gcc/arm-none-eabi/13.3.1/thumb/v7e-m+fp/hard/crtbegin.o
                [!provide]                        PROVIDE (__fini_array_end = .)
                0x080009f4                        . = ALIGN (0x4)
                0x080009f4                        _sidata = LOADADDR (.data)

.rel.dyn        0x080009f4        0x0
 .rel.iplt      0x080009f4        0x0 D:/STM32CubeIDE_1.15.0/STM32CubeIDE/plugins/com.st.stm32cube.ide.mcu.externaltools.gnu-tools-for-stm32.13.3.rel1.win32_1.0.0.202411081344/tools/bin/../lib/gcc/arm-none-eabi/13.3.1/thumb/v7e-m+fp/hard/crtbegin.o

.data           0x20000000        0x0 load address 0x080009f4
                0x20000000                        . = ALIGN (0x4)
                0x20000000                        _sdata = .
 *(.data)
 *(.data*)
 *(.RamFunc)
 *(.RamFunc*)
                0x20000000                        . = ALIGN (0x4)
                0x20000000                        _edata = .

.igot.plt       0x20000000        0x0 load address 0x080009f4
 .igot.plt      0x20000000        0x0 D:/STM32CubeIDE_1.15.0/STM32CubeIDE/plugins/com.st.stm32cube.ide.mcu.externaltools.gnu-tools-for-stm32.13.3.rel1.win32_1.0.0.202411081344/tools/bin/../lib/gcc/arm-none-eabi/13.3.1/thumb/v7e-m+fp/hard/crtbegin.o
                0x20000000                        . = ALIGN (0x4)

.bss            0x20000000      0x12c load address 0x080009f4
                0x20000000                        _sbss = .
                0x20000000                        __bss_start__ = _sbss
 *(.bss)
 .bss           0x20000000       0x1c D:/STM32CubeIDE_1.15.0/STM32CubeIDE/plugins/com.st.stm32cube.ide.mcu.externaltools.gnu-tools-for-stm32.13.3.rel1.win32_1.0.0.202411081344/tools/bin/../lib/gcc/arm-none-eabi/13.3.1/thumb/v7e-m+fp/hard/crtbegin.o
 *(.bss*)
 .bss.uart_tx_buffer
                0x2000001c       0x80 ./Src/uart.o
 .bss.uart_tx_head
                0x2000009c        0x2 ./Src/uart.o
 .bss.uart_tx_tail
                0x2000009e        0x2 ./Src/uart.o
 .bss.fifo      0x200000a0       0x80 ./Src/uart.o
 .bss.fifo_head
                0x20000120        0x2 ./Src/uart.o
 .bss.fifo_tail
                0x20000122        0x2 ./Src/uart.o
 .bss.shift_buf
                0x20000124        0x8 ./Src/uart.o
 *(COMMON)
                0x2000012c                        . = ALIGN (0x4)
                0x2000012c                        _ebss = .
                0x2000012c                        __bss_end__ = _ebss

._user_heap_stack
                0x2000012c      0x604 load address 0x080009f4
                0x20000130                        . = ALIGN (0x8)
 *fill*         0x2000012c        0x4 
                [!provide]                        PROVIDE (end = .)
                0x20000130                        PROVIDE (_end = .)
                0x20000330                        . = (. + _Min_Heap_Size)
 *fill*         0x20000130      0x200 
                0x20000730                        . = (. + _Min_Stack_Size)
 *fill*         0x20000330      0x400 
                0x20000730                        . = ALIGN (0x8)

/DISCARD/
 libc.a(*)
 libm.a(*)
 libgcc.a(*)

.ARM.attributes
                0x00000000       0x30
 *(.ARM.attributes)
 .ARM.attributes
                0x00000000       0x22 D:/STM32CubeIDE_1.15.0/STM32CubeIDE/plugins/com.st.stm32cube.ide.mcu.externaltools.gnu-tools-for-stm32.13.3.rel1.win32_1.0.0.202411081344/tools/bin/../lib/gcc/arm-none-eabi/13.3.1/thumb/v7e-m+fp/hard/crti.o
 .ARM.attributes
                0x00000022       0x34 D:/STM32CubeIDE_1.15.0/STM32CubeIDE/plugins/com.st.stm32cube.ide.mcu.externaltools.gnu-tools-for-stm32.13.3.rel1.win32_1.0.0.202411081344/tools/bin/../lib/gcc/arm-none-eabi/13.3.1/thumb/v7e-m+fp/hard/crtbegin.o
 .ARM.attributes
                0x00000056       0x34 ./Src/can.o
 .ARM.attributes
                0x0000008a       0x34 ./Src/main.o
 .ARM.attributes
                0x000000be       0x34 ./Src/spi.o
 .ARM.attributes
                0x000000f2       0x34 ./Src/uart.o
 .ARM.attributes
                0x00000126       0x21 ./Startup/startup_stm32f401cdux.o
 .ARM.attributes
                0x00000147       0x34 D:/STM32CubeIDE_1.15.0/STM32CubeIDE/plugins/com.st.stm32cube.ide.mcu.externaltools.gnu-tools-for-stm32.13.3.rel1.win32_1.0.0.202411081344/tools/bin/../lib/gcc/arm-none-eabi/13.3.1/../../../../arm-none-eabi/lib/thumb/v7e-m+fp/hard\libc_nano.a(libc_a-init.o)
 .ARM.attributes
                0x0000017b       0x22 D:/STM32CubeIDE_1.15.0/STM32CubeIDE/plugins/com.st.stm32cube.ide.mcu.externaltools.gnu-tools-for-stm32.13.3.rel1.win32_1.0.0.202411081344/tools/bin/../lib/gcc/arm-none-eabi/13.3.1/thumb/v7e-m+fp/hard/crtn.o
OUTPUT(recieveUART_sendSPI.elf elf32-littlearm)
LOAD linker stubs
LOAD D:/STM32CubeIDE_1.15.0/STM32CubeIDE/plugins/com.st.stm32cube.ide.mcu.externaltools.gnu-tools-for-stm32.13.3.rel1.win32_1.0.0.202411081344/tools/bin/../lib/gcc/arm-none-eabi/13.3.1/../../../../arm-none-eabi/lib/thumb/v7e-m+fp/hard\libc.a
LOAD D:/STM32CubeIDE_1.15.0/STM32CubeIDE/plugins/com.st.stm32cube.ide.mcu.externaltools.gnu-tools-for-stm32.13.3.rel1.win32_1.0.0.202411081344/tools/bin/../lib/gcc/arm-none-eabi/13.3.1/../../../../arm-none-eabi/lib/thumb/v7e-m+fp/hard\libm.a
LOAD D:/STM32CubeIDE_1.15.0/STM32CubeIDE/plugins/com.st.stm32cube.ide.mcu.externaltools.gnu-tools-for-stm32.13.3.rel1.win32_1.0.0.202411081344/tools/bin/../lib/gcc/arm-none-eabi/13.3.1/thumb/v7e-m+fp/hard\libgcc.a

.debug_info     0x00000000      0x836
 .debug_info    0x00000000      0x29b ./Src/can.o
 .debug_info    0x0000029b       0xc7 ./Src/main.o
 .debug_info    0x00000362       0xec ./Src/spi.o
 .debug_info    0x0000044e      0x3b8 ./Src/uart.o
 .debug_info    0x00000806       0x30 ./Startup/startup_stm32f401cdux.o

.debug_abbrev   0x00000000      0x445
 .debug_abbrev  0x00000000      0x158 ./Src/can.o
 .debug_abbrev  0x00000158       0x87 ./Src/main.o
 .debug_abbrev  0x000001df       0x93 ./Src/spi.o
 .debug_abbrev  0x00000272      0x1af ./Src/uart.o
 .debug_abbrev  0x00000421       0x24 ./Startup/startup_stm32f401cdux.o

.debug_aranges  0x00000000      0x138
 .debug_aranges
                0x00000000       0x60 ./Src/can.o
 .debug_aranges
                0x00000060       0x20 ./Src/main.o
 .debug_aranges
                0x00000080       0x28 ./Src/spi.o
 .debug_aranges
                0x000000a8       0x68 ./Src/uart.o
 .debug_aranges
                0x00000110       0x28 ./Startup/startup_stm32f401cdux.o

.debug_rnglists
                0x00000000       0xd7
 .debug_rnglists
                0x00000000       0x46 ./Src/can.o
 .debug_rnglists
                0x00000046       0x13 ./Src/main.o
 .debug_rnglists
                0x00000059       0x1a ./Src/spi.o
 .debug_rnglists
                0x00000073       0x4b ./Src/uart.o
 .debug_rnglists
                0x000000be       0x19 ./Startup/startup_stm32f401cdux.o

.debug_macro    0x00000000     0x135b
 .debug_macro   0x00000000       0x94 ./Src/can.o
 .debug_macro   0x00000094      0xade ./Src/can.o
 .debug_macro   0x00000b72       0x22 ./Src/can.o
 .debug_macro   0x00000b94       0x8e ./Src/can.o
 .debug_macro   0x00000c22       0x51 ./Src/can.o
 .debug_macro   0x00000c73      0x103 ./Src/can.o
 .debug_macro   0x00000d76       0x6a ./Src/can.o
 .debug_macro   0x00000de0      0x1df ./Src/can.o
 .debug_macro   0x00000fbf      0x136 ./Src/can.o
 .debug_macro   0x000010f5       0x22 ./Src/can.o
 .debug_macro   0x00001117       0x6a ./Src/can.o
 .debug_macro   0x00001181       0x9d ./Src/main.o
 .debug_macro   0x0000121e       0x10 ./Src/main.o
 .debug_macro   0x0000122e       0x7c ./Src/spi.o
 .debug_macro   0x000012aa       0xb1 ./Src/uart.o

.debug_line     0x00000000     0x1622
 .debug_line    0x00000000      0x5e2 ./Src/can.o
 .debug_line    0x000005e2      0x43e ./Src/main.o
 .debug_line    0x00000a20      0x4c4 ./Src/spi.o
 .debug_line    0x00000ee4      0x6c3 ./Src/uart.o
 .debug_line    0x000015a7       0x7b ./Startup/startup_stm32f401cdux.o

.debug_str      0x00000000     0x497e
 .debug_str     0x00000000     0x497e ./Src/can.o
                               0x4904 (size before relaxing)
 .debug_str     0x0000497e     0x488d ./Src/main.o
 .debug_str     0x0000497e     0x46dc ./Src/spi.o
 .debug_str     0x0000497e     0x49e8 ./Src/uart.o
 .debug_str     0x0000497e       0x87 ./Startup/startup_stm32f401cdux.o

.comment        0x00000000       0x43
 .comment       0x00000000       0x43 ./Src/can.o
                                 0x44 (size before relaxing)
 .comment       0x00000043       0x44 ./Src/main.o
 .comment       0x00000043       0x44 ./Src/spi.o
 .comment       0x00000043       0x44 ./Src/uart.o

.debug_frame    0x00000000      0x368
 .debug_frame   0x00000000      0x144 ./Src/can.o
 .debug_frame   0x00000144       0x2c ./Src/main.o
 .debug_frame   0x00000170       0x58 ./Src/spi.o
 .debug_frame   0x000001c8      0x174 ./Src/uart.o
 .debug_frame   0x0000033c       0x2c D:/STM32CubeIDE_1.15.0/STM32CubeIDE/plugins/com.st.stm32cube.ide.mcu.externaltools.gnu-tools-for-stm32.13.3.rel1.win32_1.0.0.202411081344/tools/bin/../lib/gcc/arm-none-eabi/13.3.1/../../../../arm-none-eabi/lib/thumb/v7e-m+fp/hard\libc_nano.a(libc_a-init.o)

.debug_line_str
                0x00000000       0x6b
 .debug_line_str
                0x00000000       0x6b ./Startup/startup_stm32f401cdux.o
